-- SQL evaluated by constant folding is nested, just like SQL executed
-- from a function at execution time.
SET pg_stat_query_plans.track_utility = FALSE;
SET pg_stat_query_plans.track_planning = TRUE;
SET pg_stat_query_plans.track = 'all';
CREATE FUNCTION pgqp_folded(i integer) RETURNS integer
LANGUAGE plpgsql IMMUTABLE AS $$
DECLARE v integer;
BEGIN
  SELECT g + 1 AS pgqp_folded_value INTO v FROM generate_series(i, i) AS g;
  RETURN v;
END
$$;
SELECT pg_stat_query_plans_reset() IS NOT NULL AS t;
 t 
---
 t
(1 row)

SELECT pgqp_folded(41);
 pgqp_folded 
-------------
          42
(1 row)

SELECT toplevel, plans, calls FROM pg_stat_query_plans_sql
WHERE query LIKE 'SELECT g + %AS pgqp_folded_value%';
 toplevel | plans | calls 
----------+-------+-------
 f        |     1 |     1
(1 row)

SELECT toplevel, calls FROM pg_stat_query_plans
WHERE query LIKE 'SELECT g + %AS pgqp_folded_value%';
 toplevel | calls 
----------+-------
 f        |     1
(1 row)

-- Reuse the function's cached plan with planning statistics disabled.
SET pg_stat_query_plans.track_planning = FALSE;
SELECT pg_stat_query_plans_reset() IS NOT NULL AS t;
 t 
---
 t
(1 row)

SELECT pgqp_folded(42);
 pgqp_folded 
-------------
          43
(1 row)

SELECT toplevel, plans, calls FROM pg_stat_query_plans_sql
WHERE query LIKE 'SELECT g + %AS pgqp_folded_value%';
 toplevel | plans | calls 
----------+-------+-------
 f        |     0 |     1
(1 row)

-- Neither mode of planning accounting should expose the inner query
-- with top-level-only tracking. The outer query must still be counted.
SET pg_stat_query_plans.track = 'top';
SET pg_stat_query_plans.track_planning = TRUE;
SELECT pg_stat_query_plans_reset() IS NOT NULL AS t;
 t 
---
 t
(1 row)

SELECT pgqp_folded(43);
 pgqp_folded 
-------------
          44
(1 row)

SELECT count(*) AS inner_queries FROM pg_stat_query_plans_sql
WHERE query LIKE 'SELECT g + %AS pgqp_folded_value%';
 inner_queries 
---------------
             0
(1 row)

SELECT toplevel, plans, calls FROM pg_stat_query_plans_sql
WHERE query LIKE 'SELECT pgqp_folded%';
 toplevel | plans | calls 
----------+-------+-------
 t        |     1 |     1
(1 row)

SET pg_stat_query_plans.track_planning = FALSE;
SELECT pg_stat_query_plans_reset() IS NOT NULL AS t;
 t 
---
 t
(1 row)

SELECT pgqp_folded(44);
 pgqp_folded 
-------------
          45
(1 row)

SELECT count(*) AS inner_queries FROM pg_stat_query_plans_sql
WHERE query LIKE 'SELECT g + %AS pgqp_folded_value%';
 inner_queries 
---------------
             0
(1 row)

SELECT toplevel, plans, calls FROM pg_stat_query_plans_sql
WHERE query LIKE 'SELECT pgqp_folded%';
 toplevel | plans | calls 
----------+-------+-------
 t        |     0 |     1
(1 row)

-- A planning error must restore nesting depth in both planner paths.
SELECT 1 / 0;
ERROR:  division by zero
SELECT pgqp_folded(45);
 pgqp_folded 
-------------
          46
(1 row)

SET pg_stat_query_plans.track_planning = TRUE;
SELECT 1 / 0;
ERROR:  division by zero
SELECT pgqp_folded(46);
 pgqp_folded 
-------------
          47
(1 row)

SELECT toplevel, plans, calls FROM pg_stat_query_plans_sql
WHERE query LIKE 'SELECT pgqp_folded%';
 toplevel | plans | calls 
----------+-------+-------
 t        |     1 |     3
(1 row)

DROP FUNCTION pgqp_folded(integer);
RESET pg_stat_query_plans.track;
RESET pg_stat_query_plans.track_planning;
RESET pg_stat_query_plans.track_utility;
